// Jest Snapshot v1, https://goo.gl/fbAQLP

exports[`Test the <ErrorModal /> component Should match with the snapshot  1`] = `<div />`;
